// Jest Snapshot v1, https://goo.gl/fbAQLP

exports[`Button есть корректный снимок 1`] = `
<button
  className=""
  type="button"
>
  Дай мне больше
</button>
`;
